
[1m[46m RUN [49m[22m [36mv4.0.15 [39m[90mC:/Projects/Practice Tool[39m

node.exe : [90mstderr[2m | tests/integration/scenario.engine.test.ts
Au caractère Ligne:1 : 1
+ & "C:\Program Files\nodejs/node.exe" "C:\Program Files\nodejs/node_mo ...
+ ~~~~~~~~~~~~~~~~~~~~~~~~~~~~~~~~~~~~~~~~~~~~~~~~~~~~~~~~~~~~~~~~~~~~~
    + CategoryInfo              : NotSpecifi    ed: ([90mstderr[    2m....engine.test.    ts:String) [], Rem    oteException
    + FullyQualifiedEr    rorId : NativeComm    andError
 
[22m[39mCannot set navigator

[90mstderr[2m | tests/unit/cards.importer.test.ts
[22m[39mCannot set navigator

[90mstderr[2m | tests/integration/integration.test.ts
[22m[39mCannot set navigator

[90mstderr[2m | tests/integration/kuonEnhance.test.ts
[22m[39mCannot set navigator

[90mstderr[2m | tests/integration/bounce.test.ts
[22m[39mCannot set navigator

[90mstderr[2m | tests/integration/invariants.dispatch.test.ts
[22m[39mCannot set navigator

[90mstderr[2m | tests/unit/cards/elmott.test.ts
[22m[39mCannot set navigator

[90mstderr[2m | tests/unit/spellboost.test.ts
[22m[39mCannot set navigator

[90mstderr[2m | tests/integration/reanimate.test.ts
[22m[39mCannot set navigator

[90mstderr[2m | tests/integration/juno.test.ts
[22m[39mCannot set navigator

[90mstderr[2m | tests/integration/stormyBlast.test.ts
[22m[39mCannot set navigator

[90mstderr[2m | tests/unit/cards/unleashed.test.ts
[22m[39mCannot set navigator

[90mstderr[2m | tests/unit/targeting.test.ts
[22m[39mCannot set navigator

[90mstderr[2m | tests/unit/cards/mireille.test.ts
[22m[39mCannot set navigator

[90mstderr[2m | tests/integration/verify_skybound_load.test.ts
[22m[39mCannot set navigator

[90mstderr[2m | tests/integration/keywords_targeting.test.ts
[22m[39mCannot set navigator

[90mstderr[2m | tests/integration/mechanics.test.ts
[22m[39mCannot set navigator

[90mstderr[2m | tests/unit/report_unresolved.test.ts
[22m[39mCannot set navigator

[90mstderr[2m | tests/unit/keywords.normalize.test.ts
[22m[39mCannot set navigator

[90mstderr[2m | tests/integration/knightly-ardor.test.ts
[22m[39mCannot set navigator

[90mstderr[2m | tests/unit/resolveTarget.dispatcher.test.ts
[22m[39mCannot set navigator

[90mstderr[2m | tests/unit/damage.test.ts
[22m[39mCannot set navigator

[90mstderr[2m | tests/unit/shadows.test.ts
[22m[39mCannot set navigator

[90mstderr[2m | tests/integration/ewiyar.test.ts
[22m[39mCannot set navigator

[90mstderr[2m | tests/integration/engine.actions.test.ts
[22m[39mCannot set navigator

[90mstderr[2m | tests/integration/turns.test.ts
[22m[39mCannot set navigator

[90mstderr[2m | tests/unit/buff.test.ts
[22m[39mCannot set navigator

 [31mÔØ»[39m tests/unit/cards/unleashed.test.ts [2m([22m[2m1 test[22m[2m | [22m[31m1 failed[39m[2m)[22m[32m 5[2mms[22m[39m
[31m     [31m├ù[31m should have the correct spell effects[39m[32m 3[2mms[22m[39m
 [31mÔØ»[39m tests/unit/cards.importer.test.ts [2m([22m[2m4 tests[22m[2m | [22m[31m1 failed[39m[2m)[22m[32m 11[2mms[22m[39m
[31m     [31m├ù[31m should extract keywords[39m[32m 7[2mms[22m[39m
     [32mÔ£ô[39m should parse 'Draw X cards'[32m 1[2mms[22m[39m
     [32mÔ£ô[39m should parse 'Deale X damage to an enemy follower'[32m 1[2mms[22m[39m
     [32mÔ£ô[39m should capture unresolved text[32m 1[2mms[22m[39m
[90mstderr[2m | tests/unit/targeting.contract.test.ts
[22m[39mCannot set navigator

[90mstderr[2m | tests/unit/resolveTarget.confirm.test.ts
[22m[39mCannot set navigator

[90mstderr[2m | tests/unit/cards/alchemic_flare.test.ts
[22m[39mCannot set navigator

[90mstderr[2m | tests/integration/william.test.ts
[22m[39mCannot set navigator

[90mstderr[2m | tests/unit/cards/wamdus.test.ts
[22m[39mCannot set navigator

 [32mÔ£ô[39m tests/integration/ewiyar.test.ts [2m([22m[2m4 tests[22m[2m)[22m[32m 14[2mms[22m[39m
[90mstderr[2m | tests/unit/targeting.tripwire.test.ts
[22m[39mCannot set navigator

[90mstdout[2m | tests/integration/stormyBlast.test.ts
[22m[39mTargeting Module State ID: [33m0.20632426361832712[39m

[90mstderr[2m | tests/unit/stateValidation.test.ts
[22m[39mCannot set navigator

[90mstdout[2m | tests/integration/juno.test.ts
[22m[39mTargeting Module State ID: [33m0.4290512943837197[39m

 [32mÔ£ô[39m tests/unit/cards/alchemic_flare.test.ts [2m([22m[2m1 test[22m[2m)[22m[32m 5[2mms[22m[39m
[90mstdout[2m | tests/integration/bounce.test.ts
[22m[39mTargeting Module State ID: [33m0.4961489833448458[39m

[90mstdout[2m | tests/unit/buff.test.ts
[22m[39mTargeting Module State ID: [33m0.8929339269471197[39m

[90mstdout[2m | tests/unit/damage.test.ts
[22m[39mTargeting Module State ID: [33m0.8398606313500061[39m

[90mstdout[2m | tests/integration/knightly-ardor.test.ts
[22m[39mTargeting Module State ID: [33m0.07040325404438597[39m

[90mstdout[2m | tests/unit/resolveTarget.dispatcher.test.ts
[22m[39mTargeting Module State ID: [33m0.6144933200546066[39m

[90mstdout[2m | tests/unit/targeting.test.ts
[22m[39mTargeting Module State ID: [33m0.7646513104139689[39m

[90mstdout[2m | tests/integration/kuonEnhance.test.ts
[22m[39mTargeting Module State ID: [33m0.6050037307495137[39m

[90mstdout[2m | tests/unit/spellboost.test.ts
[22m[39mTargeting Module State ID: [33m0.6229318544832299[39m

[90mstdout[2m | tests/integration/reanimate.test.ts
[22m[39mTargeting Module State ID: [33m0.26887191802164145[39m

[90mstdout[2m | tests/unit/cards/mireille.test.ts
[22m[39mTargeting Module State ID: [33m0.9271369988219669[39m

[90mstdout[2m | tests/unit/targeting.contract.test.ts
[22m[39mTargeting Module State ID: [90mundefined[39m

[90mstdout[2m | tests/unit/resolveTarget.confirm.test.ts
[22m[39mTargeting Module State ID: [33m0.9382470779867911[39m

 [32mÔ£ô[39m tests/unit/cards/wamdus.test.ts [2m([22m[2m1 test[22m[2m)[22m[32m 5[2mms[22m[39m
[90mstdout[2m | tests/integration/turns.test.ts
[22m[39mTargeting Module State ID: [33m0.07542547271031208[39m

[90mstdout[2m | tests/integration/william.test.ts
[22m[39mTargeting Module State ID: [33m0.5399089253961602[39m

[90mstderr[2m | tests/integration/chaos.test.ts
[22m[39mCannot set navigator

[90mstdout[2m | tests/unit/cards/elmott.test.ts[2m > [22m[2mElmott Logic[2m > [22m[2mCard JSON Check[2m > [22m[2mshould have correct Fanfare and Super-Evo definitions
[22m[39mElmott loaded: {
  "op": "gain_crest",
  "name": "Elmott, Remembrance Aflame",
  "description": "At the start of your turn, deal 1 damage to the enemy leader.",
  "image": "images/crests/elmott.png",
  "triggers": [
    {
      "event": "start_of_turn",
      "condition": {
        "whose_turn": "owner"
      },
      "effects": [
        {
          "op": "damage",
          "target": "enemy:leader",
          "amount": 1
        }
      ]
    }
  ]
}

[90mstdout[2m | tests/integration/scenario.engine.test.ts
[22m[39mTargeting Module State ID: [33m0.244971273552685[39m

[90mstdout[2m | tests/integration/invariants.dispatch.test.ts
[22m[39mTargeting Module State ID: [33m0.9065033826164721[39m

[90mstdout[2m | tests/integration/engine.actions.test.ts
[22m[39mTargeting Module State ID: [33m0.6837808870411122[39m

 [32mÔ£ô[39m tests/unit/stateValidation.test.ts [2m([22m[2m6 tests[22m[2m)[22m[32m 8[2mms[22m[39m
 [31mÔØ»[39m tests/unit/cards/elmott.test.ts [2m([22m[2m2 tests[22m[2m | [22m[31m1 failed[39m[2m)[22m[32m 9[2mms[22m[39m
[31m       [31m├ù[31m should clear all abilities from a target[39m[32m 5[2mms[22m[39m
       [32mÔ£ô[39m should have correct Fanfare and Super-Evo definitions[32m 3[2mms[22m[39m
[90mstdout[2m | tests/unit/targeting.tripwire.test.ts
[22m[39mTargeting Module State ID: [90mundefined[39m

[90mstdout[2m | tests/integration/chaos.test.ts
[22m[39mTargeting Module State ID: [33m0.8956998034279149[39m

[90mstderr[2m | tests/unit/rng.test.ts
[22m[39mCannot set navigator

[90mstdout[2m | tests/integration/integration.test.ts
[22m[39mTargeting Module State ID: [33m0.1767931311909381[39m

[90mstderr[2m | tests/unit/cards/ezecrain.test.ts
[22m[39mCannot set navigator

 [32mÔ£ô[39m tests/unit/rng.test.ts [2m([22m[2m4 tests[22m[2m)[22m[32m 5[2mms[22m[39m
[90mstderr[2m | tests/unit/debugTimeline.test.ts
[22m[39mCannot set navigator

 [32mÔ£ô[39m tests/unit/cards/ezecrain.test.ts [2m([22m[2m1 test[22m[2m)[22m[32m 4[2mms[22m[39m
 [32mÔ£ô[39m tests/unit/debugTimeline.test.ts [2m([22m[2m4 tests[22m[2m)[22m[32m 4[2mms[22m[39m
[90mstderr[2m | tests/unit/gameStateIdentity.test.ts
[22m[39mCannot set navigator

[90mstderr[2m | tests/unit/gameStateIdentity.test.ts[2m > [22m[2mGameState Identity[2m > [22m[2msummonNamed preserves lastSummoned identity
[22m[39msummonNamed: Card "INVALID_CARD_999" not found in DB

 [32mÔ£ô[39m tests/unit/gameStateIdentity.test.ts [2m([22m[2m2 tests[22m[2m)[22m[32m 4[2mms[22m[39m
[90mstdout[2m | tests/unit/cards/mireille.test.ts[2m > [22m[2mMireille & Risette Fix[2m > [22m[2mhandleEvolveLastSummoned should evolve only cards in state.lastSummoned
[22m[39m[evolve_last_summoned] LastSummoned length: 1
[evolve_last_summoned] Checking card: Mireille Token (token1) Zone: board Type: Follower Evolved: false

[90mstderr[2m | tests/integration/juno.test.ts[2m > [22m[2mJuno Earth Counter Damage Logic[2m > [22m[2mshould calculate damage based on earth counter sum
[22m[39mRender called but not injected

[90mstderr[2m | tests/integration/william.test.ts[2m > [22m[2mWilliam Logic[2m > [22m[2mshould charge spellboost and reset after fanfare
[22m[39mRender called but not injected
Render called but not injected

[90mstdout[2m | tests/integration/stormyBlast.test.ts[2m > [22m[2mStormy Blast Damage Logic[2m > [22m[2mshould scale damage with spellboost count using add_amount
[22m[39m[DamageDebug] Resolving add_amount: "{self.spellboostCount}" -> 3
[DamageDebug] Context Source: Stormy Blast (SB: 3)

[90mstderr[2m | tests/integration/chaos.test.ts[2m > [22m[2mFlames of Chaos Logic[2m > [22m[2mshould split spellboost damage across enemies
[22m[39mRender called but not injected

[90mstderr[2m | tests/integration/stormyBlast.test.ts[2m > [22m[2mStormy Blast Damage Logic[2m > [22m[2mshould scale damage with spellboost count using add_amount
[22m[39mRender called but not injected
Render called but not injected

[90mstderr[2m | tests/integration/juno.test.ts[2m > [22m[2mJuno Earth Counter Damage Logic[2m > [22m[2mshould return 0 if no earth counters exist
[22m[39mRender called but not injected

 [32mÔ£ô[39m tests/integration/william.test.ts [2m([22m[2m1 test[22m[2m)[22m[32m 6[2mms[22m[39m
 [32mÔ£ô[39m tests/integration/chaos.test.ts [2m([22m[2m1 test[22m[2m)[22m[32m 5[2mms[22m[39m
 [31mÔØ»[39m tests/unit/cards/mireille.test.ts [2m([22m[2m2 tests[22m[2m | [22m[31m2 failed[39m[2m)[22m[32m 8[2mms[22m[39m
[31m     [31m├ù[31m handleEvolveLastSummoned should evolve only cards in state.lastSummoned[39m[32m 4[2mms[22m[39m
[31m     [31m├ù[31m JSON Data Verification: Mireille uses correct ops[39m[32m 2[2mms[22m[39m
 [31mÔØ»[39m tests/integration/juno.test.ts [2m([22m[2m2 tests[22m[2m | [22m[31m1 failed[39m[2m)[22m[32m 8[2mms[22m[39m
[31m     [31m├ù[31m should calculate damage based on earth counter sum[39m[32m 7[2mms[22m[39m
     [32mÔ£ô[39m should return 0 if no earth counters exist[32m 1[2mms[22m[39m
 [31mÔØ»[39m tests/integration/stormyBlast.test.ts [2m([22m[2m1 test[22m[2m | [22m[31m1 failed[39m[2m)[22m[32m 12[2mms[22m[39m
[31m     [31m├ù[31m should scale damage with spellboost count using add_amount[39m[32m 10[2mms[22m[39m
[90mstderr[2m | tests/unit/spellboost.test.ts[2m > [22m[2mSpellboost Mechanics[2m > [22m[2mshould reduce cost when spellboosted
[22m[39mRender called but not injected
Render called but not injected

[90mstdout[2m | tests/unit/buff.test.ts[2m > [22m[2mBuff Mechanics[2m > [22m[2mshould buff follower attack and defense
[22m[39mBUFF pool uids: [ [32m'uid_aqzfktb2'[39m ] source: [90mundefined[39m include_self: [33mfalse[39m

[90mstdout[2m | tests/integration/bounce.test.ts[2m > [22m[2mBounce Mechanics[2m > [22m[2mshould bounce follower from board to hand
[22m[39m[BounceOp] HandleReturnToHand Target=ally:follower Owner=blue Source=undefined#undefined
[BounceOp] Pool size after init: 1

[90mstdout[2m | tests/integration/reanimate.test.ts[2m > [22m[2mReanimate Mechanics[2m > [22m[2mshould reanimate a follower from the graveyard
[22m[39mNo eligible followers to reanimate

[90mstdout[2m | tests/integration/knightly-ardor.test.ts[2m > [22m[2mKnightly Ardor[2m > [22m[2mMode 1: Give leftmost allied Swordcraft follower attacks_per_turn = 2
[22m[39mBUFF pool uids: [ [32m'card16f6l3nj'[39m, [32m'card3hnxvo6g'[39m, [32m'card50kll5c0'[39m ] source: [90mundefined[39m include_self: [33mfalse[39m

[90mstderr[2m | tests/unit/spellboost.test.ts[2m > [22m[2mSpellboost Mechanics[2m > [22m[2mshould stack multiple boosts
[22m[39mRender called but not injected
Render called but not injected
Render called but not injected
Render called but not injected

[90mstderr[2m | tests/unit/buff.test.ts[2m > [22m[2mBuff Mechanics[2m > [22m[2mshould buff follower attack and defense
[22m[39mRender called but not injected

[90mstderr[2m | tests/integration/bounce.test.ts[2m > [22m[2mBounce Mechanics[2m > [22m[2mshould bounce follower from board to hand
[22m[39mRender called but not injected

[90mstderr[2m | tests/integration/reanimate.test.ts[2m > [22m[2mReanimate Mechanics[2m > [22m[2mshould reanimate a follower from the graveyard
[22m[39mRender called but not injected

[90mstderr[2m | tests/integration/knightly-ardor.test.ts[2m > [22m[2mKnightly Ardor[2m > [22m[2mMode 1: Give leftmost allied Swordcraft follower attacks_per_turn = 2
[22m[39mRender called but not injected

[90mstderr[2m | tests/unit/spellboost.test.ts[2m > [22m[2mSpellboost Mechanics[2m > [22m[2mshould not reduce cost below minCost (0)
[22m[39mRender called but not injected
Render called but not injected

[90mstdout[2m | tests/unit/buff.test.ts[2m > [22m[2mBuff Mechanics[2m > [22m[2mshould apply negative buffs (debuffs)
[22m[39mBUFF pool uids: [ [32m'uid_f70ofdwv'[39m ] source: [90mundefined[39m include_self: [33mfalse[39m

 [32mÔ£ô[39m tests/unit/targeting.tripwire.test.ts [2m([22m[2m5 tests[22m[2m)[22m[32m 6[2mms[22m[39m
[90mstdout[2m | tests/integration/knightly-ardor.test.ts[2m > [22m[2mKnightly Ardor[2m > [22m[2mMode 2: Give all allied Swordcraft followers +1/+1 and Barrier
[22m[39mBUFF pool uids: [ [32m'cardmxzk059q'[39m, [32m'card8k41ezty'[39m ] source: [90mundefined[39m include_self: [33mfalse[39m

[90mstderr[2m | tests/unit/buff.test.ts[2m > [22m[2mBuff Mechanics[2m > [22m[2mshould apply negative buffs (debuffs)
[22m[39mRender called but not injected

[90mstdout[2m | tests/integration/bounce.test.ts[2m > [22m[2mBounce Mechanics[2m > [22m[2mshould fail to bounce if hand is full (9 cards)
[22m[39m[BounceOp] HandleReturnToHand Target=ally:follower Owner=blue Source=undefined#undefined
[BounceOp] Pool size after init: 1

[90mstderr[2m | tests/integration/knightly-ardor.test.ts[2m > [22m[2mKnightly Ardor[2m > [22m[2mMode 2: Give all allied Swordcraft followers +1/+1 and Barrier
[22m[39mRender called but not injected

[90mstdout[2m | tests/unit/buff.test.ts[2m > [22m[2mBuff Mechanics[2m > [22m[2mshould handle multi-stat adjustments via misc ops if any
[22m[39mBUFF pool uids: [ [32m'uid_0menkrem'[39m, [32m'uid_o9arhdrt'[39m ] source: [90mundefined[39m include_self: [33mfalse[39m
[Devotee EOT] applying to [ [32m'uid_0menkrem'[39m ]

[90mstderr[2m | tests/integration/bounce.test.ts[2m > [22m[2mBounce Mechanics[2m > [22m[2mshould fail to bounce if hand is full (9 cards)
[22m[39mRender called but not injected

[90mstderr[2m | tests/integration/knightly-ardor.test.ts[2m > [22m[2mKnightly Ardor[2m > [22m[2mMode 3: Recover 2 PP and 1 EP
[22m[39mRender called but not injected

[90mstderr[2m | tests/unit/buff.test.ts[2m > [22m[2mBuff Mechanics[2m > [22m[2mshould handle multi-stat adjustments via misc ops if any
[22m[39mRender called but not injected

[90mstderr[2m | tests/integration/knightly-ardor.test.ts[2m > [22m[2mKnightly Ardor[2m > [22m[2mMode 4: Restore 6 defense to leader
[22m[39mRender called but not injected

 [32mÔ£ô[39m tests/unit/buff.test.ts [2m([22m[2m3 tests[22m[2m)[22m[32m 10[2mms[22m[39m
[90mstdout[2m | tests/integration/reanimate.test.ts[2m > [22m[2mReanimate Mechanics[2m > [22m[2mshould fail to reanimate if cost exceeds X
[22m[39mNo eligible followers to reanimate

[90mstderr[2m | tests/integration/reanimate.test.ts[2m > [22m[2mReanimate Mechanics[2m > [22m[2mshould fail to reanimate if cost exceeds X
[22m[39mRender called but not injected

 [31mÔØ»[39m tests/integration/bounce.test.ts [2m([22m[2m2 tests[22m[2m | [22m[31m2 failed[39m[2m)[22m[32m 12[2mms[22m[39m
[31m     [31m├ù[31m should bounce follower from board to hand[39m[32m 10[2mms[22m[39m
[31m     [31m├ù[31m should fail to bounce if hand is full (9 cards)[39m[32m 1[2mms[22m[39m
 [32mÔ£ô[39m tests/integration/knightly-ardor.test.ts [2m([22m[2m4 tests[22m[2m)[22m[32m 23[2mms[22m[39m
 [31mÔØ»[39m tests/integration/reanimate.test.ts [2m([22m[2m2 tests[22m[2m | [22m[31m1 failed[39m[2m)[22m[32m 13[2mms[22m[39m
[31m     [31m├ù[31m should reanimate a follower from the graveyard[39m[32m 10[2mms[22m[39m
     [32mÔ£ô[39m should fail to reanimate if cost exceeds X[32m 1[2mms[22m[39m
 [31mÔØ»[39m tests/unit/spellboost.test.ts [2m([22m[2m3 tests[22m[2m | [22m[31m1 failed[39m[2m)[22m[32m 14[2mms[22m[39m
     [32mÔ£ô[39m should reduce cost when spellboosted[32m 4[2mms[22m[39m
     [32mÔ£ô[39m should stack multiple boosts[32m 1[2mms[22m[39m
[31m     [31m├ù[31m should not reduce cost below minCost (0)[39m[32m 7[2mms[22m[39m
[90mstderr[2m | tests/integration/turns.test.ts[2m > [22m[2mTurn System[2m > [22m[2mshould gain PP max and refill PP on turn start
[22m[39mRender called but not injected

[90mstderr[2m | tests/integration/turns.test.ts[2m > [22m[2mTurn System[2m > [22m[2mshould reset temporary flags like 'can_attack' on turn start
[22m[39mRender called but not injected

[90mstderr[2m | tests/unit/damage.test.ts[2m > [22m[2mDamage Mechanics[2m > [22m[2mshould deal damage to an enemy follower via effect
[22m[39mRender called but not injected

[90mstderr[2m | tests/integration/turns.test.ts[2m > [22m[2mTurn System[2m > [22m[2mshould increment round count after full cycle
[22m[39mRender called but not injected
Render called but not injected

[90mstderr[2m | tests/unit/damage.test.ts[2m > [22m[2mDamage Mechanics[2m > [22m[2mshould destroy follower if damage exceeds defense
[22m[39mRender called but not injected

[90mstderr[2m | tests/unit/damage.test.ts[2m > [22m[2mDamage Mechanics[2m > [22m[2mshould apply AOE damage correctly
[22m[39mRender called but not injected

 [32mÔ£ô[39m tests/integration/turns.test.ts [2m([22m[2m3 tests[22m[2m)[22m[32m 9[2mms[22m[39m
 [32mÔ£ô[39m tests/unit/damage.test.ts [2m([22m[2m5 tests[22m[2m)[22m[32m 22[2mms[22m[39m
 [32mÔ£ô[39m tests/unit/resolveTarget.confirm.test.ts [2m([22m[2m1 test[22m[2m)[22m[32m 5[2mms[22m[39m
 [32mÔ£ô[39m tests/unit/resolveTarget.dispatcher.test.ts [2m([22m[2m8 tests[22m[2m)[22m[32m 5[2mms[22m[39m
 [31mÔØ»[39m tests/unit/targeting.test.ts [2m([22m[2m6 tests[22m[2m | [22m[31m4 failed[39m[2m)[22m[32m 6[2mms[22m[39m
[31m     [31m├ù[31m should resolve 'ally:follower'[39m[32m 4[2mms[22m[39m
[31m     [31m├ù[31m should resolve 'enemy:follower'[39m[32m 1[2mms[22m[39m
     [32mÔ£ô[39m should resolve 'enemy:leader'[32m 0[2mms[22m[39m
[31m     [31m├ù[31m should resolve 'enemy:follower:random'[39m[32m 0[2mms[22m[39m
     [32mÔ£ô[39m should resolve 'self'[32m 0[2mms[22m[39m
[31m     [31m├ù[31m should return empty for invalid targets[39m[32m 0[2mms[22m[39m
 [32mÔ£ô[39m tests/unit/targeting.contract.test.ts [2m([22m[2m4 tests[22m[2m)[22m[32m 5[2mms[22m[39m
[90mstdout[2m | tests/integration/kuonEnhance.test.ts[2m > [22m[2mKuon Enhance Effect[2m > [22m[2mshould have Shikigami tokens in database
[22m[39mCelestial tribes: [ [32m'Shikigami'[39m ]
Demonic tribes: [ [32m'Shikigami'[39m ]
Paper tribes: [ [32m'Shikigami'[39m ]

[90mstdout[2m | tests/integration/kuonEnhance.test.ts[2m > [22m[2mKuon Enhance Effect[2m > [22m[2mshould summon Shikigami via fanfare effect
[22m[39mBoard after fanfare: [
  { name: [32m'Celestial Shikigami'[39m, tribes: [ [32m'Shikigami'[39m ] },
  { name: [32m'Demonic Shikigami'[39m, tribes: [ [32m'Shikigami'[39m ] },
  { name: [32m'Paper Shikigami'[39m, tribes: [ [32m'Shikigami'[39m ] }
]
Celestial Shikigami tribes: [ [32m'Shikigami'[39m ]
Demonic Shikigami tribes: [ [32m'Shikigami'[39m ]
Paper Shikigami tribes: [ [32m'Shikigami'[39m ]

[90mstderr[2m | tests/integration/kuonEnhance.test.ts[2m > [22m[2mKuon Enhance Effect[2m > [22m[2mshould summon Shikigami via fanfare effect
[22m[39mRender called but not injected
Render called but not injected
Render called but not injected
Render called but not injected

 [31mÔØ»[39m tests/integration/integration.test.ts [2m([22m[2m1 test[22m[2m | [22m[31m1 failed[39m[2m)[22m[32m 14[2mms[22m[39m
[31m     [31m├ù[31m should simulate a mini game flow[39m[32m 4[2mms[22m[39m
[90mstdout[2m | tests/integration/invariants.dispatch.test.ts[2m > [22m[2mEngine Invariants[2m > [22m[2mshould throw if state is invalid BEFORE dispatch
[22m[39m[RNG] Using provided seed: 1

[90mstdout[2m | tests/integration/engine.actions.test.ts[2m > [22m[2mEngine Actions[2m > [22m[2mshould play a card via PLAY_CARD action
[22m[39m[RNG] Using provided seed: 999

[90mstdout[2m | tests/integration/scenario.engine.test.ts[2m > [22m[2mEngine Golden Path[2m > [22m[2mshould drive game state via dispatch
[22m[39m[RNG] Using provided seed: 12345

[90mstdout[2m | tests/integration/kuonEnhance.test.ts[2m > [22m[2mKuon Enhance Effect[2m > [22m[2mshould destroy Shikigami via destroy_all with tribe condition
[22m[39mBoard before destroy: [ [32m'Celestial Shikigami'[39m, [32m'Demonic Shikigami'[39m, [32m'Paper Shikigami'[39m ]
Board after destroy_all: []
Shikigami deaths blue: [
  { attack: [33m2[39m, defense: [33m1[39m },
  { attack: [33m3[39m, defense: [33m3[39m },
  { attack: [33m4[39m, defense: [33m5[39m }
]

[90mstderr[2m | tests/integration/kuonEnhance.test.ts[2m > [22m[2mKuon Enhance Effect[2m > [22m[2mshould destroy Shikigami via destroy_all with tribe condition
[22m[39mRender called but not injected
Render called but not injected
Render called but not injected
Render called but not injected
Render called but not injected
Render called but not injected
Render called but not injected
Render called but not injected
Render called but not injected
Render called but not injected
Render called but not injected

[90mstdout[2m | tests/integration/kuonEnhance.test.ts[2m > [22m[2mKuon Enhance Effect[2m > [22m[2mshould run full enhance sequence: fanfare then destroy then summon Noble
[22m[39mAfter fanfare - board: [ [32m'Celestial Shikigami'[39m, [32m'Demonic Shikigami'[39m, [32m'Paper Shikigami'[39m ]
After enhance - board: [ { name: [32m'Noble Shikigami'[39m, attack: [33m1[39m, defense: [33m1[39m } ]
Shikigami deaths: [
  { attack: [33m2[39m, defense: [33m1[39m },
  { attack: [33m3[39m, defense: [33m3[39m },
  { attack: [33m4[39m, defense: [33m5[39m }
]
Noble stats: { attack: [33m1[39m, defense: [33m1[39m }

[90mstderr[2m | tests/integration/kuonEnhance.test.ts[2m > [22m[2mKuon Enhance Effect[2m > [22m[2mshould run full enhance sequence: fanfare then destroy then summon Noble
[22m[39mRender called but not injected
Render called but not injected
Render called but not injected
Render called but not injected
Render called but not injected
Render called but not injected
Render called but not injected
Render called but not injected
Render called but not injected
Render called but not injected
Render called but not injected
Render called but not injected

[90mstdout[2m | tests/integration/kuonEnhance.test.ts[2m > [22m[2mKuon Enhance Effect[2m > [22m[2mshould work when played via playCard (verifying execution order)
[22m[39mPlaying Kuon with 10 PP...
After playCard - board: [
  {
    name: [32m'Kuon, Fivefold Master'[39m,
    attack: [33m3[39m,
    defense: [33m3[39m,
    buffs: [90mundefined[39m
  },
  { name: [32m'Noble Shikigami'[39m, attack: [33m1[39m, defense: [33m1[39m, buffs: [90mundefined[39m }
]
Shikigami deaths: [
  { attack: [33m2[39m, defense: [33m1[39m },
  { attack: [33m3[39m, defense: [33m3[39m },
  { attack: [33m4[39m, defense: [33m5[39m }
]
[90mstderr[2m | tests/integration/kuonEnhance.test.ts[2m > [22m[2mKuon Enhance Effect[2m > [22m[2mshould work when played via playCard (verifying execution order)
[22m[39mRender called but not injected
Render called but not injected
Render called but not injected
Render called but not injected
Render called but not injected
Render called but not injected
Render called but not injected
Render called but not injected
Render called but not injected
Render called but not injected
Render called but not injected
Render called but not injected


[90mstderr[2m | tests/integration/invariants.dispatch.test.ts[2m > [22m[2mEngine Invariants[2m > [22m[2mshould throw if state is invalid BEFORE dispatch
[22m[39m[Validation] Database appears empty.

[90mstderr[2m | tests/integration/engine.actions.test.ts[2m > [22m[2mEngine Actions[2m > [22m[2mshould play a card via PLAY_CARD action
[22m[39m[Validation] Database appears empty.

[90mstderr[2m | tests/integration/scenario.engine.test.ts[2m > [22m[2mEngine Golden Path[2m > [22m[2mshould drive game state via dispatch
[22m[39m[Validation] Database appears empty.

[90mstdout[2m | tests/integration/invariants.dispatch.test.ts[2m > [22m[2mEngine Invariants[2m > [22m[2mshould throw if state is invalid BEFORE dispatch
[22m[39mValidating Card Database...

[90mstdout[2m | tests/integration/engine.actions.test.ts[2m > [22m[2mEngine Actions[2m > [22m[2mshould play a card via PLAY_CARD action
[22m[39mValidating Card Database...

[90mstdout[2m | tests/integration/scenario.engine.test.ts[2m > [22m[2mEngine Golden Path[2m > [22m[2mshould drive game state via dispatch
[22m[39mValidating Card Database...

 [31mÔØ»[39m tests/integration/kuonEnhance.test.ts [2m([22m[2m5 tests[22m[2m | [22m[31m2 failed[39m[2m)[22m[32m 30[2mms[22m[39m
     [32mÔ£ô[39m should have Shikigami tokens in database[32m 2[2mms[22m[39m
     [32mÔ£ô[39m should summon Shikigami via fanfare effect[32m 5[2mms[22m[39m
     [32mÔ£ô[39m should destroy Shikigami via destroy_all with tribe condition[32m 3[2mms[22m[39m
[31m     [31m├ù[31m should run full enhance sequence: fanfare then destroy then summon Noble[39m[32m 7[2mms[22m[39m
[31m     [31m├ù[31m should work when played via playCard (verifying execution order)[39m[32m 3[2mms[22m[39m
[90mstderr[2m | tests/integration/invariants.dispatch.test.ts[2m > [22m[2mEngine Invariants[2m > [22m[2mshould throw if state is invalid BEFORE dispatch
[22m[39mRender called but not injected
Render called but not injected

[90mstderr[2m | tests/integration/engine.actions.test.ts[2m > [22m[2mEngine Actions[2m > [22m[2mshould play a card via PLAY_CARD action
[22m[39mRender called but not injected
Render called but not injected

[90mstderr[2m | tests/integration/scenario.engine.test.ts[2m > [22m[2mEngine Golden Path[2m > [22m[2mshould drive game state via dispatch
[22m[39mRender called but not injected
Render called but not injected

[90mstdout[2m | tests/integration/invariants.dispatch.test.ts[2m > [22m[2mEngine Invariants[2m > [22m[2mshould throw if state is invalid AFTER dispatch
[22m[39m[RNG] Using provided seed: 1

 [32mÔ£ô[39m tests/integration/engine.actions.test.ts [2m([22m[2m1 test[22m[2m)[22m[32m 20[2mms[22m[39m
[90mstderr[2m | tests/integration/scenario.engine.test.ts[2m > [22m[2mEngine Golden Path[2m > [22m[2mshould drive game state via dispatch
[22m[39mRender called but not injected

 [31mÔØ»[39m tests/integration/invariants.dispatch.test.ts [2m([22m[2m2 tests[22m[2m | [22m[31m1 failed[39m[2m)[22m[32m 22[2mms[22m[39m
     [32mÔ£ô[39m should throw if state is invalid BEFORE dispatch[32m 18[2mms[22m[39m
[31m     [31m├ù[31m should throw if state is invalid AFTER dispatch[39m[32m 3[2mms[22m[39m
 [31mÔØ»[39m tests/integration/scenario.engine.test.ts [2m([22m[2m1 test[22m[2m | [22m[31m1 failed[39m[2m)[22m[32m 26[2mms[22m[39m
[31m     [31m├ù[31m should drive game state via dispatch[39m[32m 25[2mms[22m[39m

[31mÔÄ»ÔÄ»ÔÄ»ÔÄ»ÔÄ»ÔÄ»[39m[1m[41m Failed Suites 6 [49m[22m[31mÔÄ»ÔÄ»ÔÄ»ÔÄ»ÔÄ»ÔÄ»ÔÄ»[39m

[41m[1m FAIL [22m[49m tests/integration/keywords_targeting.test.ts[2m [ tests/integration/keywords_targeting.test.ts ][22m
[31m[1mError[22m: Cannot find module '../../src/logic/core/gameState.js' imported from 'C:/Projects/Practice Tool/tests/integration/keywords_targeting.test.ts'[39m
[36m [2mÔØ»[22m tests/integration/keywords_targeting.test.ts:[2m3:1[22m[39m
    [90m  1| [39m
    [90m  2| [39m[35mimport[39m { describe[33m,[39m test[33m,[39m expect[33m,[39m beforeEach } [35mfrom[39m [32m"vitest"[39m[33m;[39m
    [90m  3| [39m[35mimport[39m { state } [35mfrom[39m [32m"../../src/logic/core/gameState.js"[39m[33m;[39m
    [90m   | [39m[31m^[39m
    [90m  4| [39m[35mimport[39m { runEffects } [35mfrom[39m [32m"../../src/logic/core/effects/index.js"[39m[33m;[39m
    [90m  5| [39m[35mimport[39m { [33mCardInstance[39m[33m,[39m [33mEffect[39m } [35mfrom[39m [32m"../../src/logic/core/types.js"[39m[33m;[39m

[31m[2mÔÄ»ÔÄ»ÔÄ»ÔÄ»ÔÄ»ÔÄ»ÔÄ»ÔÄ»ÔÄ»ÔÄ»ÔÄ»ÔÄ»ÔÄ»ÔÄ»ÔÄ»ÔÄ»ÔÄ»ÔÄ»ÔÄ»ÔÄ»ÔÄ»ÔÄ»ÔÄ»[1/26]ÔÄ»[22m[39m

[41m[1m FAIL [22m[49m tests/integration/mechanics.test.ts[2m [ tests/integration/mechanics.test.ts ][22m
[31m[1mError[22m: Transform failed with 1 error:
C:/Projects/Practice Tool/tests/integration/mechanics.test.ts:157:0: ERROR: Unterminated string literal[39m
  Plugin: [35mvite:esbuild[39m
  File: [36mC:/Projects/Practice Tool/tests/integration/mechanics.test.ts[39m:157:0
[33m  
  [33mUnterminated string literal[33m
  155 |  
  156 |  
  157 |  
      |  ^
  [39m
[90m [2mÔØ»[22m failureErrorWithLog node_modules/vite/node_modules/esbuild/lib/main.js:[2m1467:15[22m[39m
[90m [2mÔØ»[22m node_modules/vite/node_modules/esbuild/lib/main.js:[2m736:50[22m[39m
[90m [2mÔØ»[22m responseCallbacks.<computed> node_modules/vite/node_modules/esbuild/lib/main.js:[2m603:9[22m[39m
[90m [2mÔØ»[22m handleIncomingPacket node_modules/vite/node_modules/esbuild/lib/main.js:[2m658:12[22m[39m
[90m [2mÔØ»[22m Socket.readFromStdout node_modules/vite/node_modules/esbuild/lib/main.js:[2m581:7[22m[39m

[31m[2mÔÄ»ÔÄ»ÔÄ»ÔÄ»ÔÄ»ÔÄ»ÔÄ»ÔÄ»ÔÄ»ÔÄ»ÔÄ»ÔÄ»ÔÄ»ÔÄ»ÔÄ»ÔÄ»ÔÄ»ÔÄ»ÔÄ»ÔÄ»ÔÄ»ÔÄ»ÔÄ»[2/26]ÔÄ»[22m[39m

[41m[1m FAIL [22m[49m tests/integration/verify_skybound_load.test.ts[2m [ tests/integration/verify_skybound_load.test.ts ][22m
[31m[1mReferenceError[22m: describe is not defined[39m
[36m [2mÔØ»[22m tests/integration/verify_skybound_load.test.ts:[2m12:1[22m[39m
    [90m 10| [39mstate[33m.[39mredDeck [33m=[39m [][33m;[39m
    [90m 11| [39m
    [90m 12| [39m[34mdescribe[39m([32m'Skybound Dragons Set Integrity'[39m[33m,[39m () [33m=>[39m {
    [90m   | [39m[31m^[39m
    [90m 13| [39m    const setPath = path.resolve(__dirname, '../cards/sets/10004_skyboÔÇª
    [90m 14| [39m    [35mlet[39m cardData[33m:[39m any[] [33m=[39m [][33m;[39m

[31m[2mÔÄ»ÔÄ»ÔÄ»ÔÄ»ÔÄ»ÔÄ»ÔÄ»ÔÄ»ÔÄ»ÔÄ»ÔÄ»ÔÄ»ÔÄ»ÔÄ»ÔÄ»ÔÄ»ÔÄ»ÔÄ»ÔÄ»ÔÄ»ÔÄ»ÔÄ»ÔÄ»[3/26]ÔÄ»[22m[39m

[41m[1m FAIL [22m[49m tests/unit/keywords.normalize.test.ts[2m [ tests/unit/keywords.normalize.test.ts ][22m
[31m[1mError[22m: Cannot find module '../../../src/logic/core/keywords/registry.js' imported from 'C:/Projects/Practice Tool/tests/unit/keywords.normalize.test.ts'[39m
[36m [2mÔØ»[22m tests/unit/keywords.normalize.test.ts:[2m1:1[22m[39m
    [90m  1| [39mimport { normalizeKeywordName } from "../../../src/logic/core/keywordsÔÇª
    [90m   | [39m[31m^[39m
    [90m  2| [39m[35mimport[39m { test[33m,[39m expect[33m,[39m describe } [35mfrom[39m [32m"vitest"[39m[33m;[39m
    [90m  3| [39m

[31m[2mÔÄ»ÔÄ»ÔÄ»ÔÄ»ÔÄ»ÔÄ»ÔÄ»ÔÄ»ÔÄ»ÔÄ»ÔÄ»ÔÄ»ÔÄ»ÔÄ»ÔÄ»ÔÄ»ÔÄ»ÔÄ»ÔÄ»ÔÄ»ÔÄ»ÔÄ»ÔÄ»[4/26]ÔÄ»[22m[39m

[41m[1m FAIL [22m[49m tests/unit/report_unresolved.test.ts[2m [ tests/unit/report_unresolved.test.ts ][22m
[31m[1mError[22m: Cannot find module '../tools/report_unresolved_cards.js' imported from 'C:/Projects/Practice Tool/tests/unit/report_unresolved.test.ts'[39m
[36m [2mÔØ»[22m tests/unit/report_unresolved.test.ts:[2m3:1[22m[39m
    [90m  1| [39m
    [90m  2| [39m[35mimport[39m { describe[33m,[39m it[33m,[39m expect } [35mfrom[39m [32m"vitest"[39m[33m;[39m
    [90m  3| [39mimport { generateReportData } from "../tools/report_unresolved_cards.jÔÇª
    [90m   | [39m[31m^[39m
    [90m  4| [39m
    [90m  5| [39m[34mdescribe[39m([32m"Unresolved Report Generator"[39m[33m,[39m () [33m=>[39m {

[31m[2mÔÄ»ÔÄ»ÔÄ»ÔÄ»ÔÄ»ÔÄ»ÔÄ»ÔÄ»ÔÄ»ÔÄ»ÔÄ»ÔÄ»ÔÄ»ÔÄ»ÔÄ»ÔÄ»ÔÄ»ÔÄ»ÔÄ»ÔÄ»ÔÄ»ÔÄ»ÔÄ»[5/26]ÔÄ»[22m[39m

[41m[1m FAIL [22m[49m tests/unit/shadows.test.ts[2m [ tests/unit/shadows.test.ts ][22m
[31m[1mError[22m: Cannot find module '../../src/logic/core/playCard.js' imported from 'C:/Projects/Practice Tool/tests/unit/shadows.test.ts'[39m
[36m [2mÔØ»[22m tests/unit/shadows.test.ts:[2m4:1[22m[39m
    [90m  2| [39m[35mimport[39m { describe[33m,[39m it[33m,[39m expect[33m,[39m beforeEach } [35mfrom[39m [32m'vitest'[39m[33m;[39m
    [90m  3| [39m[35mimport[39m { state } [35mfrom[39m [32m'../../src/core/gameState.js'[39m[33m;[39m
    [90m  4| [39m[35mimport[39m { playCard } [35mfrom[39m [32m'../../src/logic/core/playCard.js'[39m[33m;[39m
    [90m   | [39m[31m^[39m
    [90m  5| [39m[35mimport[39m { cleanupDead } [35mfrom[39m [32m'../../src/logic/core/cleanup.js'[39m[33m;[39m
    [90m  6| [39m[35mimport[39m { handleBanish } [35mfrom[39m [32m'../../src/logic/effects/ops/banish.js'[39m[33m;[39m

[31m[2mÔÄ»ÔÄ»ÔÄ»ÔÄ»ÔÄ»ÔÄ»ÔÄ»ÔÄ»ÔÄ»ÔÄ»ÔÄ»ÔÄ»ÔÄ»ÔÄ»ÔÄ»ÔÄ»ÔÄ»ÔÄ»ÔÄ»ÔÄ»ÔÄ»ÔÄ»ÔÄ»[6/26]ÔÄ»[22m[39m


[31mÔÄ»ÔÄ»ÔÄ»ÔÄ»ÔÄ»ÔÄ»[39m[1m[41m Failed Tests 20 [49m[22m[31mÔÄ»ÔÄ»ÔÄ»ÔÄ»ÔÄ»ÔÄ»ÔÄ»[39m

[41m[1m FAIL [22m[49m tests/integration/bounce.test.ts[2m > [22mBounce Mechanics[2m > [22mshould bounce follower from board to hand
[31m[1mAssertionError[22m: expected +0 to be 1 // Object.is equality[39m

[32m- Expected[39m
[31m+ Received[39m

[32m- 1[39m
[31m+ 0[39m

[36m [2mÔØ»[22m tests/integration/bounce.test.ts:[2m35:39[22m[39m
    [90m 33| [39m
    [90m 34| [39m        [34mexpect[39m(state[33m.[39mblueBoard[33m.[39mlength)[33m.[39m[34mtoBe[39m([34m0[39m)[33m;[39m
    [90m 35| [39m        [34mexpect[39m(state[33m.[39mblueHand[33m.[39mlength)[33m.[39m[34mtoBe[39m([34m1[39m)[33m;[39m
    [90m   | [39m                                      [31m^[39m
    [90m 36| [39m        [34mexpect[39m(state[33m.[39mblueHand[[34m0[39m][33m.[39muid)[33m.[39m[34mtoBe[39m(unit[33m.[39muid)[33m;[39m
    [90m 37| [39m    })[33m;[39m

[31m[2mÔÄ»ÔÄ»ÔÄ»ÔÄ»ÔÄ»ÔÄ»ÔÄ»ÔÄ»ÔÄ»ÔÄ»ÔÄ»ÔÄ»ÔÄ»ÔÄ»ÔÄ»ÔÄ»ÔÄ»ÔÄ»ÔÄ»ÔÄ»ÔÄ»ÔÄ»ÔÄ»[7/26]ÔÄ»[22m[39m

[41m[1m FAIL [22m[49m tests/integration/bounce.test.ts[2m > [22mBounce Mechanics[2m > [22mshould fail to bounce if hand is full (9 cards)
[31m[1mAssertionError[22m: expected +0 to be 1 // Object.is equality[39m

[32m- Expected[39m
[31m+ Received[39m

[32m- 1[39m
[31m+ 0[39m

[36m [2mÔØ»[22m tests/integration/bounce.test.ts:[2m50:44[22m[39m
    [90m 48| [39m        [34mexpect[39m(state[33m.[39mblueBoard[33m.[39mlength)[33m.[39m[34mtoBe[39m([34m0[39m)[33m;[39m
    [90m 49| [39m        [34mexpect[39m(state[33m.[39mblueHand[33m.[39mlength)[33m.[39m[34mtoBe[39m([34m9[39m)[33m;[39m
    [90m 50| [39m        [34mexpect[39m(state[33m.[39mblueGraveyard[33m.[39mlength)[33m.[39m[34mtoBe[39m([34m1[39m)[33m;[39m
    [90m   | [39m                                           [31m^[39m
    [90m 51| [39m        [34mexpect[39m(state[33m.[39mblueGraveyard[[34m0[39m][33m.[39muid)[33m.[39m[34mtoBe[39m(unit[33m.[39muid)[33m;[39m
    [90m 52| [39m    })[33m;[39m

[31m[2mÔÄ»ÔÄ»ÔÄ»ÔÄ»ÔÄ»ÔÄ»ÔÄ»ÔÄ»ÔÄ»ÔÄ»ÔÄ»ÔÄ»ÔÄ»ÔÄ»ÔÄ»ÔÄ»ÔÄ»ÔÄ»ÔÄ»ÔÄ»ÔÄ»ÔÄ»ÔÄ»[8/26]ÔÄ»[22m[39m

[41m[1m FAIL [22m[49m tests/integration/integration.test.ts[2m > [22mIntegration Simulation[2m > [22mshould simulate a mini game flow
[31m[1mTypeError[22m: Cannot read properties of undefined (reading 'deckAId')[39m
[36m [2mÔØ»[22m startGame src/logic/startGame.ts:[2m29:32[22m[39m
    [90m 27| [39m
    [90m 28| [39m[35mexport[39m [35masync[39m [35mfunction[39m [34mstartGame[39m(options[33m:[39m [33mStartGameOptions[39m) {
    [90m 29| [39m    [35mconst[39m blueChoice [33m=[39m options[33m.[39mdeckAId[33m;[39m
    [90m   | [39m                               [31m^[39m
    [90m 30| [39m    [35mconst[39m redChoice [33m=[39m options[33m.[39mdeckBId[33m;[39m
    [90m 31| [39m
[90m [2mÔØ»[22m tests/integration/integration.test.ts:[2m25:15[22m[39m

[31m[2mÔÄ»ÔÄ»ÔÄ»ÔÄ»ÔÄ»ÔÄ»ÔÄ»ÔÄ»ÔÄ»ÔÄ»ÔÄ»ÔÄ»ÔÄ»ÔÄ»ÔÄ»ÔÄ»ÔÄ»ÔÄ»ÔÄ»ÔÄ»ÔÄ»ÔÄ»ÔÄ»[9/26]ÔÄ»[22m[39m

[41m[1m FAIL [22m[49m tests/integration/invariants.dispatch.test.ts[2m > [22mEngine Invariants[2m > [22mshould throw if state is invalid AFTER dispatch
[31m[1mTypeError[22m: Cannot set properties of null (setting 'length')[39m
[36m [2mÔØ»[22m resetGameState src/core/gameState.ts:[2m119:16[22m[39m
    [90m117| [39m  // We assume strict invariants: these keys MUST exist and MUST be arÔÇª
    [90m118| [39m  [35mfor[39m ([35mconst[39m key [35mof[39m [33mARRAY_KEYS[39m) {
    [90m119| [39m    state[key][33m.[39mlength [33m=[39m [34m0[39m[33m;[39m
    [90m   | [39m               [31m^[39m
    [90m120| [39m  }
    [90m121| [39m
[90m [2mÔØ»[22m startGame src/logic/startGame.ts:[2m42:5[22m[39m
[90m [2mÔØ»[22m Module.startNewGame src/engine.ts:[2m29:11[22m[39m
[90m [2mÔØ»[22m tests/integration/invariants.dispatch.test.ts:[2m31:29[22m[39m

[31m[2mÔÄ»ÔÄ»ÔÄ»ÔÄ»ÔÄ»ÔÄ»ÔÄ»ÔÄ»ÔÄ»ÔÄ»ÔÄ»ÔÄ»ÔÄ»ÔÄ»ÔÄ»ÔÄ»ÔÄ»ÔÄ»ÔÄ»ÔÄ»ÔÄ»ÔÄ»[10/26]ÔÄ»[22m[39m

[41m[1m FAIL [22m[49m tests/integration/juno.test.ts[2m > [22mJuno Earth Counter Damage Logic[2m > [22mshould calculate damage based on earth counter sum
[31m[1mAssertionError[22m: expected 10 to be 5 // Object.is equality[39m

[32m- Expected[39m
[31m+ Received[39m

[32m- 5[39m
[31m+ 10[39m

[36m [2mÔØ»[22m tests/integration/juno.test.ts:[2m55:31[22m[39m
    [90m 53| [39m        [90m// Expected: 2 + 3 = 5 damage[39m
    [90m 54| [39m        [90m// Remaining: 10 - 5 = 5[39m
    [90m 55| [39m        [34mexpect[39m(enemy[33m.[39mdefense)[33m.[39m[34mtoBe[39m([34m5[39m)[33m;[39m
    [90m   | [39m                              [31m^[39m
    [90m 56| [39m    })[33m;[39m
    [90m 57| [39m

[31m[2mÔÄ»ÔÄ»ÔÄ»ÔÄ»ÔÄ»ÔÄ»ÔÄ»ÔÄ»ÔÄ»ÔÄ»ÔÄ»ÔÄ»ÔÄ»ÔÄ»ÔÄ»ÔÄ»ÔÄ»ÔÄ»ÔÄ»ÔÄ»ÔÄ»ÔÄ»[11/26]ÔÄ»[22m[39m

[41m[1m FAIL [22m[49m tests/integration/kuonEnhance.test.ts[2m > [22mKuon Enhance Effect[2m > [22mshould run full enhance sequence: fanfare then destroy then summon Noble
[31m[1mAssertionError[22m: expected 1 to be 10 // Object.is equality[39m

[32m- Expected[39m
[31m+ Received[39m

[32m- 10[39m
[31m+ 1[39m

[36m [2mÔØ»[22m tests/integration/kuonEnhance.test.ts:[2m134:30[22m[39m
    [90m132| [39m        [35mconst[39m noble [33m=[39m state[33m.[39mblueBoard[[34m0[39m][33m;[39m
    [90m133| [39m        console.log("Noble stats:", { attack: noble.attack, defense: nÔÇª
    [90m134| [39m        [34mexpect[39m(noble[33m.[39mattack)[33m.[39m[34mtoBe[39m([34m10[39m)[33m;[39m
    [90m   | [39m                             [31m^[39m
    [90m135| [39m        [34mexpect[39m(noble[33m.[39mdefense)[33m.[39m[34mtoBe[39m([34m10[39m)[33m;[39m
    [90m136| [39m    })[33m;[39m

[31m[2mÔÄ»ÔÄ»ÔÄ»ÔÄ»ÔÄ»ÔÄ»ÔÄ»ÔÄ»ÔÄ»ÔÄ»ÔÄ»ÔÄ»ÔÄ»ÔÄ»ÔÄ»ÔÄ»ÔÄ»ÔÄ»ÔÄ»ÔÄ»ÔÄ»ÔÄ»[12/26]ÔÄ»[22m[39m

[41m[1m FAIL [22m[49m tests/integration/kuonEnhance.test.ts[2m > [22mKuon Enhance Effect[2m > [22mshould work when played via playCard (verifying execution order)
[31m[1mAssertionError[22m: expected 1 to be 10 // Object.is equality[39m

[32m- Expected[39m
[31m+ Received[39m

[32m- 10[39m
[31m+ 1[39m

[36m [2mÔØ»[22m tests/integration/kuonEnhance.test.ts:[2m175:31[22m[39m
    [90m173| [39m
    [90m174| [39m        [90m// Noble should be 10/10[39m
    [90m175| [39m        [34mexpect[39m(noble[33m![39m[33m.[39mattack)[33m.[39m[34mtoBe[39m([34m10[39m)[33m;[39m
    [90m   | [39m                              [31m^[39m
    [90m176| [39m        [34mexpect[39m(noble[33m![39m[33m.[39mdefense)[33m.[39m[34mtoBe[39m([34m10[39m)[33m;[39m
    [90m177| [39m    })[33m;[39m

[31m[2mÔÄ»ÔÄ»ÔÄ»ÔÄ»ÔÄ»ÔÄ»ÔÄ»ÔÄ»ÔÄ»ÔÄ»ÔÄ»ÔÄ»ÔÄ»ÔÄ»ÔÄ»ÔÄ»ÔÄ»ÔÄ»ÔÄ»ÔÄ»ÔÄ»ÔÄ»[13/26]ÔÄ»[22m[39m

[41m[1m FAIL [22m[49m tests/integration/reanimate.test.ts[2m > [22mReanimate Mechanics[2m > [22mshould reanimate a follower from the graveyard
[31m[1mAssertionError[22m: expected +0 to be 1 // Object.is equality[39m

[32m- Expected[39m
[31m+ Received[39m

[32m- 1[39m
[31m+ 0[39m

[36m [2mÔØ»[22m tests/integration/reanimate.test.ts:[2m28:40[22m[39m
    [90m 26| [39m        [34mrunEffects[39m([reanimateEff][33m,[39m [32m"blue"[39m[33m,[39m [35mnull[39m)[33m;[39m
    [90m 27| [39m
    [90m 28| [39m        [34mexpect[39m(state[33m.[39mblueBoard[33m.[39mlength)[33m.[39m[34mtoBe[39m([34m1[39m)[33m;[39m
    [90m   | [39m                                       [31m^[39m
    [90m 29| [39m        [34mexpect[39m(state[33m.[39mblueBoard[[34m0[39m][33m.[39mname)[33m.[39m[34mtoBe[39m([32m"Target Unit"[39m)[33m;[39m
    [90m 30| [39m        [90m// Should create a COPY (new UID)[39m

[31m[2mÔÄ»ÔÄ»ÔÄ»ÔÄ»ÔÄ»ÔÄ»ÔÄ»ÔÄ»ÔÄ»ÔÄ»ÔÄ»ÔÄ»ÔÄ»ÔÄ»ÔÄ»ÔÄ»ÔÄ»ÔÄ»ÔÄ»ÔÄ»ÔÄ»ÔÄ»[14/26]ÔÄ»[22m[39m

[41m[1m FAIL [22m[49m tests/integration/scenario.engine.test.ts[2m > [22mEngine Golden Path[2m > [22mshould drive game state via dispatch
[31m[1mAssertionError[22m: expected undefined to be 'blue' // Object.is equality[39m

[32m- Expected:[39m 
"blue"

[31m+ Received:[39m 
undefined

[36m [2mÔØ»[22m tests/integration/scenario.engine.test.ts:[2m66:44[22m[39m
    [90m 64| [39m
    [90m 65| [39m        [34mexpect[39m(stateRestored[33m.[39misBlueTurn)[33m.[39m[34mtoBe[39m([35mtrue[39m)[33m;[39m
    [90m 66| [39m        [34mexpect[39m(stateRestored[33m.[39mactivePlayer)[33m.[39m[34mtoBe[39m([32m"blue"[39m)[33m;[39m
    [90m   | [39m                                           [31m^[39m
    [90m 67| [39m        expect(stateRestored.blueHand.length).toBe(initialBlueHandSizeÔÇª
    [90m 68| [39m

[31m[2mÔÄ»ÔÄ»ÔÄ»ÔÄ»ÔÄ»ÔÄ»ÔÄ»ÔÄ»ÔÄ»ÔÄ»ÔÄ»ÔÄ»ÔÄ»ÔÄ»ÔÄ»ÔÄ»ÔÄ»ÔÄ»ÔÄ»ÔÄ»ÔÄ»ÔÄ»[15/26]ÔÄ»[22m[39m

[41m[1m FAIL [22m[49m tests/integration/stormyBlast.test.ts[2m > [22mStormy Blast Damage Logic[2m > [22mshould scale damage with spellboost count using add_amount
[31m[1mAssertionError[22m: expected 10 to be 5 // Object.is equality[39m

[32m- Expected[39m
[31m+ Received[39m

[32m- 5[39m
[31m+ 10[39m

[36m [2mÔØ»[22m tests/integration/stormyBlast.test.ts:[2m69:31[22m[39m
    [90m 67| [39m        [90m// Expected Damage: Base 2 + Spellboost 3 = 5[39m
    [90m 68| [39m        [90m// Remaining Defense: 10 - 5 = 5[39m
    [90m 69| [39m        [34mexpect[39m(enemy[33m.[39mdefense)[33m.[39m[34mtoBe[39m([34m5[39m)[33m;[39m
    [90m   | [39m                              [31m^[39m
    [90m 70| [39m    })[33m;[39m
    [90m 71| [39m})[33m;[39m

[31m[2mÔÄ»ÔÄ»ÔÄ»ÔÄ»ÔÄ»ÔÄ»ÔÄ»ÔÄ»ÔÄ»ÔÄ»ÔÄ»ÔÄ»ÔÄ»ÔÄ»ÔÄ»ÔÄ»ÔÄ»ÔÄ»ÔÄ»ÔÄ»ÔÄ»ÔÄ»[16/26]ÔÄ»[22m[39m

[41m[1m FAIL [22m[49m tests/unit/cards.importer.test.ts[2m > [22mCard Text Compiler[2m > [22mshould extract keywords
[31m[1mAssertionError[22m: expected [] to have a length of 1 but got +0[39m

[32m- Expected[39m
[31m+ Received[39m

[32m- 1[39m
[31m+ 0[39m

[36m [2mÔØ»[22m tests/unit/cards.importer.test.ts:[2m9:32[22m[39m
    [90m  7| [39m        const result = compileCardText("Storm. Fanfare: Deal 1 damage.ÔÇª
    [90m  8| [39m        [34mexpect[39m(result[33m.[39mkeywords)[33m.[39m[34mtoContain[39m([32m"Storm"[39m)[33m;[39m
    [90m  9| [39m        [34mexpect[39m(result[33m.[39mfanfare)[33m.[39m[34mtoHaveLength[39m([34m1[39m)[33m;[39m
    [90m   | [39m                               [31m^[39m
    [90m 10| [39m    })[33m;[39m
    [90m 11| [39m

[31m[2mÔÄ»ÔÄ»ÔÄ»ÔÄ»ÔÄ»ÔÄ»ÔÄ»ÔÄ»ÔÄ»ÔÄ»ÔÄ»ÔÄ»ÔÄ»ÔÄ»ÔÄ»ÔÄ»ÔÄ»ÔÄ»ÔÄ»ÔÄ»ÔÄ»ÔÄ»[17/26]ÔÄ»[22m[39m

[41m[1m FAIL [22m[49m tests/unit/spellboost.test.ts[2m > [22mSpellboost Mechanics[2m > [22mshould not reduce cost below minCost (0)
[31m[1mAssertionError[22m: expected 9 to be +0 // Object.is equality[39m

[32m- Expected[39m
[31m+ Received[39m

[32m- 0[39m
[31m+ 9[39m

[36m [2mÔØ»[22m tests/unit/spellboost.test.ts:[2m49:27[22m[39m
    [90m 47| [39m
    [90m 48| [39m        [34mrunEffects[39m([{ op[33m:[39m [32m"spellboost"[39m[33m,[39m count[33m:[39m [34m1[39m }][33m,[39m [32m"blue"[39m[33m,[39m [35mnull[39m)[33m;[39m
    [90m 49| [39m        [34mexpect[39m(card[33m.[39mcost)[33m.[39m[34mtoBe[39m([34m0[39m)[33m;[39m
    [90m   | [39m                          [31m^[39m
    [90m 50| [39m
    [90m 51| [39m        [34mrunEffects[39m([{ op[33m:[39m [32m"spellboost"[39m[33m,[39m count[33m:[39m [34m1[39m }][33m,[39m [32m"blue"[39m[33m,[39m [35mnull[39m)[33m;[39m

[31m[2mÔÄ»ÔÄ»ÔÄ»ÔÄ»ÔÄ»ÔÄ»ÔÄ»ÔÄ»ÔÄ»ÔÄ»ÔÄ»ÔÄ»ÔÄ»ÔÄ»ÔÄ»ÔÄ»ÔÄ»ÔÄ»ÔÄ»ÔÄ»ÔÄ»ÔÄ»[18/26]ÔÄ»[22m[39m

[41m[1m FAIL [22m[49m tests/unit/targeting.test.ts[2m > [22mTargeting Resolution[2m > [22mshould resolve 'ally:follower'
[31m[1mTypeError[22m: (0 , __vite_ssr_import_2__.resolveTarget) is not a function[39m
[36m [2mÔØ»[22m tests/unit/targeting.test.ts:[2m18:25[22m[39m
    [90m 16| [39m
    [90m 17| [39m        [90m// resolveTarget(selector_string, owner)[39m
    [90m 18| [39m        [35mconst[39m targets [33m=[39m [34mresolveTarget[39m([32m"ally:follower"[39m[33m,[39m [32m"blue"[39m)[33m;[39m
    [90m   | [39m                        [31m^[39m
    [90m 19| [39m        [34mexpect[39m(targets[33m.[39mlength)[33m.[39m[34mtoBe[39m([34m1[39m)[33m;[39m
    [90m 20| [39m        [34mexpect[39m(targets[[34m0[39m][33m.[39muid)[33m.[39m[34mtoBe[39m(u1[33m.[39muid)[33m;[39m

[31m[2mÔÄ»ÔÄ»ÔÄ»ÔÄ»ÔÄ»ÔÄ»ÔÄ»ÔÄ»ÔÄ»ÔÄ»ÔÄ»ÔÄ»ÔÄ»ÔÄ»ÔÄ»ÔÄ»ÔÄ»ÔÄ»ÔÄ»ÔÄ»ÔÄ»ÔÄ»[19/26]ÔÄ»[22m[39m

[41m[1m FAIL [22m[49m tests/unit/targeting.test.ts[2m > [22mTargeting Resolution[2m > [22mshould resolve 'enemy:follower'
[31m[1mTypeError[22m: (0 , __vite_ssr_import_2__.resolveTarget) is not a function[39m
[36m [2mÔØ»[22m tests/unit/targeting.test.ts:[2m27:25[22m[39m
    [90m 25| [39m        state[33m.[39mredBoard [33m=[39m [u1][33m;[39m
    [90m 26| [39m
    [90m 27| [39m        const targets = resolveTarget("enemy:follower", "blue"); // BlÔÇª
    [90m   | [39m                        [31m^[39m
    [90m 28| [39m        [34mexpect[39m(targets[33m.[39mlength)[33m.[39m[34mtoBe[39m([34m1[39m)[33m;[39m
    [90m 29| [39m        [34mexpect[39m(targets[[34m0[39m][33m.[39muid)[33m.[39m[34mtoBe[39m(u1[33m.[39muid)[33m;[39m

[31m[2mÔÄ»ÔÄ»ÔÄ»ÔÄ»ÔÄ»ÔÄ»ÔÄ»ÔÄ»ÔÄ»ÔÄ»ÔÄ»ÔÄ»ÔÄ»ÔÄ»ÔÄ»ÔÄ»ÔÄ»ÔÄ»ÔÄ»ÔÄ»ÔÄ»ÔÄ»[20/26]ÔÄ»[22m[39m

[41m[1m FAIL [22m[49m tests/unit/targeting.test.ts[2m > [22mTargeting Resolution[2m > [22mshould resolve 'enemy:follower:random'
[31m[1mTypeError[22m: (0 , __vite_ssr_import_2__.resolveTarget) is not a function[39m
[36m [2mÔØ»[22m tests/unit/targeting.test.ts:[2m57:25[22m[39m
    [90m 55| [39m        state[33m.[39mredBoard [33m=[39m [u1[33m,[39m u2][33m;[39m
    [90m 56| [39m
    [90m 57| [39m        [35mconst[39m targets [33m=[39m [34mresolveTarget[39m([32m"enemy:follower:random"[39m[33m,[39m [32m"blue"[39m)[33m;[39m
    [90m   | [39m                        [31m^[39m
    [90m 58| [39m        [34mexpect[39m(targets[33m.[39mlength)[33m.[39m[34mtoBe[39m([34m1[39m)[33m;[39m
    [90m 59| [39m        [34mexpect[39m([u1[33m.[39muid[33m,[39m u2[33m.[39muid])[33m.[39m[34mtoContain[39m(targets[[34m0[39m][33m.[39muid)[33m;[39m

[31m[2mÔÄ»ÔÄ»ÔÄ»ÔÄ»ÔÄ»ÔÄ»ÔÄ»ÔÄ»ÔÄ»ÔÄ»ÔÄ»ÔÄ»ÔÄ»ÔÄ»ÔÄ»ÔÄ»ÔÄ»ÔÄ»ÔÄ»ÔÄ»ÔÄ»ÔÄ»[21/26]ÔÄ»[22m[39m

[41m[1m FAIL [22m[49m tests/unit/targeting.test.ts[2m > [22mTargeting Resolution[2m > [22mshould return empty for invalid targets
[31m[1mTypeError[22m: (0 , __vite_ssr_import_2__.resolveTarget) is not a function[39m
[36m [2mÔØ»[22m tests/unit/targeting.test.ts:[2m72:25[22m[39m
    [90m 70| [39m
    [90m 71| [39m    [34mit[39m([32m"should return empty for invalid targets"[39m[33m,[39m () [33m=>[39m {
    [90m 72| [39m        [35mconst[39m targets [33m=[39m [34mresolveTarget[39m([32m"invalid:selector"[39m[33m,[39m [32m"blue"[39m)[33m;[39m
    [90m   | [39m                        [31m^[39m
    [90m 73| [39m        [34mexpect[39m(targets[33m.[39mlength)[33m.[39m[34mtoBe[39m([34m0[39m)[33m;[39m
    [90m 74| [39m    })[33m;[39m

[31m[2mÔÄ»ÔÄ»ÔÄ»ÔÄ»ÔÄ»ÔÄ»ÔÄ»ÔÄ»ÔÄ»ÔÄ»ÔÄ»ÔÄ»ÔÄ»ÔÄ»ÔÄ»ÔÄ»ÔÄ»ÔÄ»ÔÄ»ÔÄ»ÔÄ»ÔÄ»[22/26]ÔÄ»[22m[39m

[41m[1m FAIL [22m[49m tests/unit/cards/elmott.test.ts[2m > [22mElmott Logic[2m > [22mhandleRemoveAbilities[2m > [22mshould clear all abilities from a target
[31m[1mTypeError[22m: targets is not iterable[39m
[36m [2mÔØ»[22m handleRemoveAbilities src/logic/core/keywords/effects.ts:[2m101:24[22m[39m
    [90m 99| [39m    [35mif[39m ([33m![39mtargets [33m||[39m targets[33m.[39mlength [33m===[39m [34m0[39m) [35mreturn[39m { kind[33m:[39m [32m"done"[39m }[33m;[39m
    [90m100| [39m
    [90m101| [39m    [35mfor[39m ([35mconst[39m card [35mof[39m targets) {
    [90m   | [39m                       [31m^[39m
    [90m102| [39m        [34mremoveAllAbilitiesFromCard[39m(card)[33m;[39m
    [90m103| [39m    }
[90m [2mÔØ»[22m tests/unit/cards/elmott.test.ts:[2m41:13[22m[39m

[31m[2mÔÄ»ÔÄ»ÔÄ»ÔÄ»ÔÄ»ÔÄ»ÔÄ»ÔÄ»ÔÄ»ÔÄ»ÔÄ»ÔÄ»ÔÄ»ÔÄ»ÔÄ»ÔÄ»ÔÄ»ÔÄ»ÔÄ»ÔÄ»ÔÄ»ÔÄ»[23/26]ÔÄ»[22m[39m

[41m[1m FAIL [22m[49m tests/unit/cards/mireille.test.ts[2m > [22mMireille & Risette Fix[2m > [22mhandleEvolveLastSummoned should evolve only cards in state.lastSummoned
[31m[1mReferenceError[22m: requestAnimationFrame is not defined[39m
[36m [2mÔØ»[22m queueRender src/logic/evolveUtils.ts:[2m17:5[22m[39m
    [90m 15| [39m    [35mif[39m ([35mtypeof[39m window [33m===[39m [32m"undefined"[39m) [35mreturn[39m[33m;[39m [90m// headless sim[39m
    [90m 16| [39m    [35mif[39m (__raf) [34mcancelAnimationFrame[39m(__raf)[33m;[39m
    [90m 17| [39m    __raf = requestAnimationFrame(() => { __raf = null; try { adapter.ÔÇª
    [90m   | [39m    [31m^[39m
    [90m 18| [39m}
    [90m 19| [39m
[90m [2mÔØ»[22m onEvolve src/logic/evolveUtils.ts:[2m97:9[22m[39m
[90m [2mÔØ»[22m handleEvolveSelf src/logic/effects/ops/evolve.ts:[2m52:5[22m[39m
[90m [2mÔØ»[22m handleEvolveLastSummoned src/logic/effects/ops/evolve.ts:[2m77:13[22m[39m
[90m [2mÔØ»[22m tests/unit/cards/mireille.test.ts:[2m49:9[22m[39m

[31m[2mÔÄ»ÔÄ»ÔÄ»ÔÄ»ÔÄ»ÔÄ»ÔÄ»ÔÄ»ÔÄ»ÔÄ»ÔÄ»ÔÄ»ÔÄ»ÔÄ»ÔÄ»ÔÄ»ÔÄ»ÔÄ»ÔÄ»ÔÄ»ÔÄ»ÔÄ»[24/26]ÔÄ»[22m[39m

[41m[1m FAIL [22m[49m tests/unit/cards/mireille.test.ts[2m > [22mMireille & Risette Fix[2m > [22mJSON Data Verification: Mireille uses correct ops
[31m[1mError[22m: ENOENT: no such file or directory, open 'C:\Projects\cards\sets\10004_skybound-dragons.json'[39m
[36m [2mÔØ»[22m tests/unit/cards/mireille.test.ts:[2m69:32[22m[39m
    [90m 67| [39m        [35mconst[39m path [33m=[39m [35mawait[39m [35mimport[39m([32m"path"[39m)[33m;[39m
    [90m 68| [39m        const filePath = path.resolve(__dirname, "../../../../cards/seÔÇª
    [90m 69| [39m        [35mconst[39m fileContent [33m=[39m fs[33m.[39m[34mreadFileSync[39m(filePath[33m,[39m [32m"utf-8"[39m)[33m;[39m
    [90m   | [39m                               [31m^[39m
    [90m 70| [39m        [35mconst[39m cards [33m=[39m [33mJSON[39m[33m.[39m[34mparse[39m(fileContent)[33m;[39m
    [90m 71| [39m

[31m[2mÔÄ»ÔÄ»ÔÄ»ÔÄ»ÔÄ»ÔÄ»ÔÄ»ÔÄ»ÔÄ»ÔÄ»ÔÄ»ÔÄ»ÔÄ»ÔÄ»ÔÄ»ÔÄ»ÔÄ»ÔÄ»ÔÄ»ÔÄ»ÔÄ»ÔÄ»[25/26]ÔÄ»[22m[39m

[41m[1m FAIL [22m[49m tests/unit/cards/unleashed.test.ts[2m > [22mUnleashed Card Data[2m > [22mshould have the correct spell effects
[31m[1mError[22m: File not found at C:\Projects\cards\sets\10004_skybound-dragons.json[39m
[36m [2mÔØ»[22m tests/unit/cards/unleashed.test.ts:[2m23:19[22m[39m
    [90m 21| [39m
    [90m 22| [39m        [35mif[39m ([33m![39mfs[33m.[39m[34mexistsSync[39m(filePath)) {
    [90m 23| [39m            [35mthrow[39m [35mnew[39m [33mError[39m([32m`File not found at [39m[36m${[39mfilePath[36m}[39m[32m`[39m)[33m;[39m
    [90m   | [39m                  [31m^[39m
    [90m 24| [39m        }
    [90m 25| [39m

[31m[2mÔÄ»ÔÄ»ÔÄ»ÔÄ»ÔÄ»ÔÄ»ÔÄ»ÔÄ»ÔÄ»ÔÄ»ÔÄ»ÔÄ»ÔÄ»ÔÄ»ÔÄ»ÔÄ»ÔÄ»ÔÄ»ÔÄ»ÔÄ»ÔÄ»ÔÄ»[26/26]ÔÄ»[22m[39m


[2m Test Files [22m [1m[31m20 failed[39m[22m[2m | [22m[1m[32m19 passed[39m[22m[90m (39)[39m
[2m      Tests [22m [1m[31m20 failed[39m[22m[2m | [22m[1m[32m73 passed[39m[22m[90m (93)[39m
[2m   Start at [22m 22:13:11
[2m   Duration [22m 1.26s[2m (transform 11.96s, setup 1.21s, import 17.52s, tests 354ms, environment 8ms)[22m

